dadsadasdsadas
dsa
d
as
dsa
dsadasdasdsa
dsadsadasdsa
dsadas
da